{
  "id": "<id>",
  "status": "saved",
  "language": "go",
  "exercise": "one",
  "submission_path": "/alice/go/one"
}