{
  "id": "<id>",
  "status": "saved",
  "language": "ruby",
  "exercise": "one",
  "submission_path": "<submission_path>"
}