<p>Check out this code:</p>
<div class="highlight clojure">
<table style="border-spacing: 0;"><tbody><tr>
<td class="gutter gl" style="text-align: right;"><pre class="lineno"><a href="#L1">1</a>
<a href="#L2">2</a>
<a href="#L3">3</a></pre></td>
<td class="code"><pre><span id="L1"><span class="p">(</span><span class="k">defn</span><span class="w"> </span><span class="n">to-rna</span>
</span><span id="L2"><span class="w">  </span><span class="p">[</span><span class="n">dna-string</span><span class="p">]</span>
</span><span id="L3"><span class="w">  </span><span class="p">(</span><span class="nf">clojure.string/replace</span><span class="w"> </span><span class="n">dna-string</span><span class="w"> </span><span class="sc">\T</span><span class="w"> </span><span class="sc">\U</span><span class="p">))</span>
</span></pre></td>
</tr></tbody></table>
</div>
