<div class="highlight plaintext">
<table style="border-spacing: 0;"><tbody><tr>
<td class="gutter gl" style="text-align: right;"><pre class="lineno"><a href="#L1">1</a></pre></td>
<td class="code"><pre><span id="L1">x{{current}}y
</span></pre></td>
</tr></tbody></table>
</div>
