{
  "error": "Unknown API key. Check your account on the site for the valid key."
}
