{
  "problems": [
    {
      "id": "fake/two",
      "track_id": "fake",
      "language": "fake",
      "slug": "two",
      "name": "Two",
      "files": {
        "two_test.ext": "assert 'one'\n",
        "README.md": "# Two\n\n* two\n* two again\n\n## Source\n\nThe internet. [http://example.com](http://example.com)\n\n## Submitting Incomplete Solutions\nIt's possible to submit an incomplete solution so you can see how others have completed the exercise.\n\n"
      },
      "fresh": false
    }
  ]
}
