{
  "error": "No implementation of 'invalid_slug' in track 'fruit'"
}
