{
  "problems": [
    {
      "id": "fruit/apple",
      "track_id": "fruit",
      "language": "fruit",
      "slug": "apple",
      "name": "Apple",
      "files": {
        "apple.ext": "// iteration 2",
        "apple.tst": "assert 'apple'\n",
        "README.md": "# Apple\n\n* apple\n* apple again\n\n## Source\n\nThe internet.\n\n## Submitting Incomplete Solutions\nIt's possible to submit an incomplete solution so you can see how others have completed the exercise.\n\n"
      },
      "fresh": false
    },
    {
      "id": "fruit/banana",
      "track_id": "fruit",
      "language": "fruit",
      "slug": "banana",
      "name": "Banana",
      "files": {
        "banana.tst": "assert 'banana'\n",
        "README.md": "# Banana\n\n* banana\n* banana again\n\n* banana specific hints.\n* a hint\n* another hint\n\n## Source\n\n[http://example.com](http://example.com)\n\n## Submitting Incomplete Solutions\nIt's possible to submit an incomplete solution so you can see how others have completed the exercise.\n\n",
        "apple.ext": "// iteration 1"
      },
      "fresh": false
    }
  ]
}
