{
  "problems": [
    {
      "id": "jewels/hello-world",
      "track_id": "jewels",
      "language": "jewels",
      "slug": "hello-world",
      "name": "Hello World",
      "files": {
        "hello_world_test.ext": "assert 'hello'\n",
        "README.md": "# Hello World\n\n* hello\n* hello again\n\n## Source\n\nThe internet. [http://example.com](http://example.com)\n\n## Submitting Incomplete Solutions\nIt's possible to submit an incomplete solution so you can see how others have completed the exercise.\n\n"
      },
      "fresh": false
    }
  ]
}
